// Jest Snapshot v1, https://goo.gl/fbAQLP

exports[`renders add customer page 1`] = `
<div>
  <h2>
    Add a new customer
  </h2>
  <CustomerForm
    buttonText="Add Customer"
    onSubmit={[Function]}
  />
</div>
`;
