// Jest Snapshot v1, https://goo.gl/fbAQLP

exports[`renders contact page 1`] = `
<div>
  <h1>
    Contact Page
  </h1>
</div>
`;
