// Jest Snapshot v1, https://goo.gl/fbAQLP

exports[`renders footer 1`] = `
<footer>
  <p>
    Â© JR Designs 2020
  </p>
</footer>
`;
