// Jest Snapshot v1, https://goo.gl/fbAQLP

exports[`renders not found page 1`] = `
<div>
  <h1>
    Status 404: Page Not Found
  </h1>
</div>
`;
